// Jest Snapshot v1, https://goo.gl/fbAQLP

exports[`ONLYV3Factory #createPool gas 1`] = `4557092`;

exports[`ONLYV3Factory factory bytecode size 1`] = `24535`;

exports[`ONLYV3Factory pool bytecode size 1`] = `22142`;
